<?xml version="1.0" encoding="utf-8"?><testsuites><testsuite name="pytest" errors="0" failures="0" skipped="0" tests="2" time="0.318" timestamp="2024-11-01T22:53:49.341984+02:00" hostname="Andrii-Zhevahin"><testcase classname="test_app.tests.ApiTests" name="test_broken_url" time="0.229" /><testcase classname="test_app.tests.ApiTests" name="test_regular_request" time="0.006" /></testsuite></testsuites>